exports[`components <ActivitiesList /> renders as expected 1`] = `
<div>
  <div
    className="pull-right btn-group btn-group-sm">
    <button
      className="btn btn-default"
      disabled={false}
      onClick={[Function]}
      type="button">
      <span
        className="glyphicon glyphicon-chevron-left" />
    </button>
    <button
      className="btn btn-default"
      disabled={false}
      onClick={[Function]}
      type="button">
      <span
        className="glyphicon glyphicon-chevron-right" />
    </button>
  </div>
  <h3
    className="m-t-0">
    Activities
  </h3>
  <div
    className="m-b-3">
    <div
      className="row">
      <div
        className="col-xs-12">
        <p
          className="m-b">
          <span
            className="title-label">
            Test 1
          </span>
          <span
            className="subtitle-label">
             - 
            Fri Jan 01 2016 (Ride)
          </span>
        </p>
        <table>
          <tbody>
            <tr>
              <td
                width="0">
                <span
                  className="m-r">
                  <em>
                    Distance
                  </em>
                </span>
              </td>
              <td
                width="0">
                <span
                  className="m-r">
                  0
                   km
                </span>
              </td>
              <td
                width="0">
                <span
                  className="m-r">
                  <em>
                    Elapsed Time
                  </em>
                </span>
              </td>
              <td
                width="0">
                <span
                  className="m-r">
                  5
                   minutes
                </span>
              </td>
              <td
                className="m-r-2">
                <span
                  className="m-r">
                  <em>
                    Type
                  </em>
                </span>
              </td>
              <td>
                Ride
              </td>
            </tr>
            <tr>
              <td
                width="0">
                <span
                  className="m-r">
                  <em>
                    Avg Speed
                  </em>
                </span>
              </td>
              <td
                width="0">
                <span
                  className="m-r">
                  NaN
                   kph
                </span>
              </td>
              <td
                width="0">
                <span
                  className="m-r">
                  <em>
                    Max Speed
                  </em>
                </span>
              </td>
              <td>
                34
                 kph
              </td>
              <td
                className="m-r-2">
                <span
                  className="m-r">
                  <em>
                    Trainer
                  </em>
                </span>
              </td>
              <td>
                Yes
              </td>
            </tr>
          </tbody>
        </table>
        <div
          className="m-t">
          <a
            className="m-r-2"
            onClick={[Function]}
            style={Object {}}>
            Compare Segments
          </a>
          <a
            className="m-r-2"
            onClick={[Function]}
            style={Object {}}>
            3D Route Profile
          </a>
        </div>
      </div>
    </div>
    <hr />
  </div>
  <div
    className="m-b-3">
    <div
      className="row">
      <div
        className="col-xs-12">
        <p
          className="m-b">
          <span
            className="title-label">
            Test 2
          </span>
          <span
            className="subtitle-label">
             - 
            Sat Jan 02 2016 (Ride)
          </span>
        </p>
        <table>
          <tbody>
            <tr>
              <td
                width="0">
                <span
                  className="m-r">
                  <em>
                    Distance
                  </em>
                </span>
              </td>
              <td
                width="0">
                <span
                  className="m-r">
                  0
                   km
                </span>
              </td>
              <td
                width="0">
                <span
                  className="m-r">
                  <em>
                    Elapsed Time
                  </em>
                </span>
              </td>
              <td
                width="0">
                <span
                  className="m-r">
                  5
                   minutes
                </span>
              </td>
              <td
                className="m-r-2">
                <span
                  className="m-r">
                  <em>
                    Type
                  </em>
                </span>
              </td>
              <td>
                Ride
              </td>
            </tr>
            <tr>
              <td
                width="0">
                <span
                  className="m-r">
                  <em>
                    Avg Speed
                  </em>
                </span>
              </td>
              <td
                width="0">
                <span
                  className="m-r">
                  NaN
                   kph
                </span>
              </td>
              <td
                width="0">
                <span
                  className="m-r">
                  <em>
                    Max Speed
                  </em>
                </span>
              </td>
              <td>
                34
                 kph
              </td>
              <td
                className="m-r-2">
                <span
                  className="m-r">
                  <em>
                    Trainer
                  </em>
                </span>
              </td>
              <td>
                Yes
              </td>
            </tr>
          </tbody>
        </table>
        <div
          className="m-t">
          <a
            className="m-r-2"
            onClick={[Function]}
            style={Object {}}>
            Compare Segments
          </a>
          <a
            className="m-r-2"
            onClick={[Function]}
            style={Object {}}>
            3D Route Profile
          </a>
        </div>
      </div>
    </div>
    <hr />
  </div>
  <div
    className="m-b-3">
    <div
      className="row">
      <div
        className="col-xs-12">
        <p
          className="m-b">
          <span
            className="title-label">
            Test 3
          </span>
          <span
            className="subtitle-label">
             - 
            Mon Feb 01 2016 (Ride)
          </span>
        </p>
        <table>
          <tbody>
            <tr>
              <td
                width="0">
                <span
                  className="m-r">
                  <em>
                    Distance
                  </em>
                </span>
              </td>
              <td
                width="0">
                <span
                  className="m-r">
                  0
                   km
                </span>
              </td>
              <td
                width="0">
                <span
                  className="m-r">
                  <em>
                    Elapsed Time
                  </em>
                </span>
              </td>
              <td
                width="0">
                <span
                  className="m-r">
                  5
                   minutes
                </span>
              </td>
              <td
                className="m-r-2">
                <span
                  className="m-r">
                  <em>
                    Type
                  </em>
                </span>
              </td>
              <td>
                Ride
              </td>
            </tr>
            <tr>
              <td
                width="0">
                <span
                  className="m-r">
                  <em>
                    Avg Speed
                  </em>
                </span>
              </td>
              <td
                width="0">
                <span
                  className="m-r">
                  NaN
                   kph
                </span>
              </td>
              <td
                width="0">
                <span
                  className="m-r">
                  <em>
                    Max Speed
                  </em>
                </span>
              </td>
              <td>
                34
                 kph
              </td>
              <td
                className="m-r-2">
                <span
                  className="m-r">
                  <em>
                    Trainer
                  </em>
                </span>
              </td>
              <td>
                Yes
              </td>
            </tr>
          </tbody>
        </table>
        <div
          className="m-t">
          <a
            className="m-r-2"
            onClick={[Function]}
            style={Object {}}>
            Compare Segments
          </a>
          <a
            className="m-r-2"
            onClick={[Function]}
            style={Object {}}>
            3D Route Profile
          </a>
        </div>
      </div>
    </div>
    <hr />
  </div>
  <div
    className="m-b-3">
    <div
      className="row">
      <div
        className="col-xs-12">
        <p
          className="m-b">
          <span
            className="title-label">
            Test 4
          </span>
          <span
            className="subtitle-label">
             - 
            Tue Feb 02 2016 (Ride)
          </span>
        </p>
        <table>
          <tbody>
            <tr>
              <td
                width="0">
                <span
                  className="m-r">
                  <em>
                    Distance
                  </em>
                </span>
              </td>
              <td
                width="0">
                <span
                  className="m-r">
                  0
                   km
                </span>
              </td>
              <td
                width="0">
                <span
                  className="m-r">
                  <em>
                    Elapsed Time
                  </em>
                </span>
              </td>
              <td
                width="0">
                <span
                  className="m-r">
                  5
                   minutes
                </span>
              </td>
              <td
                className="m-r-2">
                <span
                  className="m-r">
                  <em>
                    Type
                  </em>
                </span>
              </td>
              <td>
                Ride
              </td>
            </tr>
            <tr>
              <td
                width="0">
                <span
                  className="m-r">
                  <em>
                    Avg Speed
                  </em>
                </span>
              </td>
              <td
                width="0">
                <span
                  className="m-r">
                  NaN
                   kph
                </span>
              </td>
              <td
                width="0">
                <span
                  className="m-r">
                  <em>
                    Max Speed
                  </em>
                </span>
              </td>
              <td>
                34
                 kph
              </td>
              <td
                className="m-r-2">
                <span
                  className="m-r">
                  <em>
                    Trainer
                  </em>
                </span>
              </td>
              <td>
                Yes
              </td>
            </tr>
          </tbody>
        </table>
        <div
          className="m-t">
          <a
            className="m-r-2"
            onClick={[Function]}
            style={Object {}}>
            Compare Segments
          </a>
          <a
            className="m-r-2"
            onClick={[Function]}
            style={Object {}}>
            3D Route Profile
          </a>
        </div>
      </div>
    </div>
    <hr />
  </div>
  <div
    className="m-b-3">
    <div
      className="row">
      <div
        className="col-xs-12">
        <p
          className="m-b">
          <span
            className="title-label">
            Test 5
          </span>
          <span
            className="subtitle-label">
             - 
            Tue Mar 01 2016 (Ride)
          </span>
        </p>
        <table>
          <tbody>
            <tr>
              <td
                width="0">
                <span
                  className="m-r">
                  <em>
                    Distance
                  </em>
                </span>
              </td>
              <td
                width="0">
                <span
                  className="m-r">
                  0
                   km
                </span>
              </td>
              <td
                width="0">
                <span
                  className="m-r">
                  <em>
                    Elapsed Time
                  </em>
                </span>
              </td>
              <td
                width="0">
                <span
                  className="m-r">
                  5
                   minutes
                </span>
              </td>
              <td
                className="m-r-2">
                <span
                  className="m-r">
                  <em>
                    Type
                  </em>
                </span>
              </td>
              <td>
                Ride
              </td>
            </tr>
            <tr>
              <td
                width="0">
                <span
                  className="m-r">
                  <em>
                    Avg Speed
                  </em>
                </span>
              </td>
              <td
                width="0">
                <span
                  className="m-r">
                  NaN
                   kph
                </span>
              </td>
              <td
                width="0">
                <span
                  className="m-r">
                  <em>
                    Max Speed
                  </em>
                </span>
              </td>
              <td>
                34
                 kph
              </td>
              <td
                className="m-r-2">
                <span
                  className="m-r">
                  <em>
                    Trainer
                  </em>
                </span>
              </td>
              <td>
                Yes
              </td>
            </tr>
          </tbody>
        </table>
        <div
          className="m-t">
          <a
            className="m-r-2"
            onClick={[Function]}
            style={Object {}}>
            Compare Segments
          </a>
          <a
            className="m-r-2"
            onClick={[Function]}
            style={Object {}}>
            3D Route Profile
          </a>
        </div>
      </div>
    </div>
    <hr />
  </div>
</div>
`;
